// Jest Snapshot v1, https://goo.gl/fbAQLP

exports[`TodoList component should render correctly 1`] = `
.c3 {
  color: #ffffff;
  font-size: 14px;
  -webkit-transition: all 0.3s ease;
  transition: all 0.3s ease;
}

.c5 {
  color: #ffffff;
  font-weight: bold;
  -webkit-transition: all 0.3s ease;
  transition: all 0.3s ease;
}

.c1 {
  border-bottom: 2px solid #ff0000;
  padding: 8px 16px;
  display: -webkit-box;
  display: -webkit-flex;
  display: -ms-flexbox;
  display: flex;
  -webkit-align-items: center;
  -webkit-box-align: center;
  -ms-flex-align: center;
  align-items: center;
  -webkit-box-pack: justify;
  -webkit-justify-content: space-between;
  -ms-flex-pack: justify;
  justify-content: space-between;
  cursor: pointer;
}

.c1:hover .c2,
.c1:hover .c4 {
  color: #ff0000;
}

.c0 {
  margin-top: 24px;
  border: 2px solid #ff0000;
  border-radius: 8px;
  width: 300px;
}

<div>
  <div
    class="c0"
  >
    <div
      class="c1"
    >
      <span
        class="c2 c3"
      >
        Test todo
      </span>
      <span
        class="c4 c5"
      >
        X
      </span>
    </div>
  </div>
</div>
`;
