// Jest Snapshot v1, https://goo.gl/fbAQLP

exports[`Router component should render correctly 1`] = `
.c0 {
  position: absolute;
  left: 50%;
  top: 100px;
  -webkit-transform: translateX(-50%);
  -ms-transform: translateX(-50%);
  transform: translateX(-50%);
  display: -webkit-box;
  display: -webkit-flex;
  display: -ms-flexbox;
  display: flex;
  -webkit-flex-direction: column;
  -ms-flex-direction: column;
  flex-direction: column;
  -webkit-align-items: center;
  -webkit-box-align: center;
  -ms-flex-align: center;
  align-items: center;
}

.c1 {
  width: 170px;
}

.c2 {
  font-size: 36px;
  margin: 16px 0;
}

.c3 {
  color: #61dafb;
  font-weight: bold;
  margin: 0 5px;
  display: inline;
}

.c4 {
  color: #ff0000;
  font-weight: bold;
  margin: 0 5px;
  display: inline;
}

<div>
  <div
    class="c0"
  >
    <img
      alt="MAD DEVS"
      class="c1"
      src="md.svg"
    />
    <h2
      class="c2"
    >
      React MAD Boiler
    </h2>
    <p
      class=""
    >
      Simple boilerplate for
      <a
        class="c3"
        color="react"
        href="https://ru.reactjs.org/"
        target="_blank"
      >
        React
      </a>
      from
      <a
        class="c4"
        color="primary"
        href="https://maddevs.io/"
        target="_blank"
      >
        Mad Devs
      </a>
    </p>
  </div>
</div>
`;
