// Jest Snapshot v1, https://goo.gl/fbAQLP

exports[`Todo page should render correctly 1`] = `
.c0 {
  display: -webkit-box;
  display: -webkit-flex;
  display: -ms-flexbox;
  display: flex;
  -webkit-flex-direction: column;
  -ms-flex-direction: column;
  flex-direction: column;
  -webkit-align-items: center;
  -webkit-box-align: center;
  -ms-flex-align: center;
  align-items: center;
  width: 320px;
  margin: 0 auto;
}

.c1 {
  font-size: 36px;
  margin-top: 24px;
  color: #ffffff;
}

.c2 {
  margin-top: 12px;
  width: 300px;
  display: -webkit-box;
  display: -webkit-flex;
  display: -ms-flexbox;
  display: flex;
  -webkit-align-items: center;
  -webkit-box-align: center;
  -ms-flex-align: center;
  align-items: center;
  -webkit-box-pack: justify;
  -webkit-justify-content: space-between;
  -ms-flex-pack: justify;
  justify-content: space-between;
}

.c3 {
  font-size: 16px;
  -webkit-box-flex: 1;
  -webkit-flex-grow: 1;
  -ms-flex-positive: 1;
  flex-grow: 1;
  border-radius: 8px;
  border: 2px solid #ffffff;
  background-color: #212121;
  padding: 8px;
  color: #ffffff;
  outline: none;
}

.c4 {
  margin-left: 16px;
  padding: 8px 16px;
  border: 2px solid #ffffff;
  background-color: #212121;
  border-radius: 8px;
  color: #ffffff;
  outline: none;
  cursor: pointer;
}

<div>
  <div
    class="c0"
  >
    <h2
      class="c1"
    >
      TODO APP EXAMPLE
    </h2>
    <div
      class="empty"
    >
      No todos :)
    </div>
    <div
      class="c2"
    >
      <input
        class="c3"
        placeholder="Enter new todo"
        type="text"
        value=""
      />
      <button
        class="c4"
      >
        Add
      </button>
    </div>
  </div>
</div>
`;
